
> rare-rab-it-frontend@0.1.0 build
> node ./scripts/cleanNextAndBuild.mjs

 ΓÜá Linting is disabled.
  Γû▓ Next.js 14.2.35
  - Environments: .env.local

   Creating an optimized production build ...
 Γ£ô Compiled successfully
   Checking validity of types ...
Failed to compile.

Type error: Invalid value for '--ignoreDeprecations'.

Next.js build worker exited with code: 1 and signal: null
